 qq=    1.9226172227517D-02
 i=  0 p(bin(n,p) >= i)=    1.0000000000000
 i=  1 p(bin(n,p) >= i)=   0.92305502472329
 i=  2 p(bin(n,p) >= i)=   0.72056824767930
 i=  3 p(bin(n,p) >= i)=   0.45946687728049
 i=  4 p(bin(n,p) >= i)=   0.23959203904990
 i=  5 p(bin(n,p) >= i)=    1.0361681014415D-01
 i=  6 p(bin(n,p) >= i)=    3.7776172989779D-02
 i=  7 p(bin(n,p) >= i)=    1.1786447797266D-02
 i=  8 p(bin(n,p) >= i)=    3.1883432222993D-03
 i=  9 p(bin(n,p) >= i)=    7.5598469122316D-04
 i=  10 p(bin(n,p) >= i)=    1.5856329762552D-04
 i=  11 p(bin(n,p) >= i)=    2.9646049533396D-05
 i=  12 p(bin(n,p) >= i)=    4.9728920038033D-06
 i=  13 p(bin(n,p) >= i)=    7.5248347900452D-07
 i=  14 p(bin(n,p) >= i)=    1.0318985980471D-07
 i=  15 p(bin(n,p) >= i)=    1.2874581946086D-08
 i=  16 p(bin(n,p) >= i)=    1.4663363218395D-09
 i=  17 p(bin(n,p) >= i)=    1.5288699010061D-10
 i=  18 p(bin(n,p) >= i)=    1.4629165707039D-11
 i=  19 p(bin(n,p) >= i)=    1.2884984409929D-12
 i=  20 p(bin(n,p) >= i)=    1.0594621796382D-13
 i=  21 p(bin(n,p) >= i)=    9.4748524009240D-15
 i=  22 p(bin(n,p) >= i)=    2.2213662683755D-15
 i=  23 p(bin(n,p) >= i)=    1.7181339768828D-15
 i=  24 p(bin(n,p) >= i)=    1.6858902602655D-15
 i=  25 p(bin(n,p) >= i)=    1.6839810928342D-15
 i=  26 p(bin(n,p) >= i)=    1.6838765910379D-15
 i=  27 p(bin(n,p) >= i)=    1.6838713024855D-15
 i=  28 p(bin(n,p) >= i)=    1.6838710550678D-15
 i=  29 p(bin(n,p) >= i)=    1.6838710443712D-15
 i=  30 p(bin(n,p) >= i)=    1.6838710439441D-15
 i=  31 p(bin(n,p) >= i)=    1.6838710439284D-15
 i=  32 p(bin(n,p) >= i)=    1.6838710439279D-15
 i=  33 p(bin(n,p) >= i)=    1.6838710439278D-15
 i=  34 p(bin(n,p) >= i)=    1.6838710439278D-15
 i=  35 p(bin(n,p) >= i)=    1.6838710439278D-15
 i=  36 p(bin(n,p) >= i)=    1.6838710439278D-15
 i=  37 p(bin(n,p) >= i)=    1.6838710439278D-15
 i=  38 p(bin(n,p) >= i)=    1.6838710439278D-15
 i=  39 p(bin(n,p) >= i)=    1.6838710439278D-15
 i=  40 p(bin(n,p) >= i)=    1.6838710439278D-15
 i=  41 p(bin(n,p) >= i)=    1.6838710439278D-15
 i=  42 p(bin(n,p) >= i)=    1.6838710439278D-15
 i=  43 p(bin(n,p) >= i)=    1.6838710439278D-15
 i=  44 p(bin(n,p) >= i)=    1.6838710439278D-15
 i=  45 p(bin(n,p) >= i)=    1.6838710439278D-15
 i=  46 p(bin(n,p) >= i)=    1.6838710439278D-15
 i=  47 p(bin(n,p) >= i)=    1.6838710439278D-15
 i=  48 p(bin(n,p) >= i)=    1.6838710439278D-15
 i=  49 p(bin(n,p) >= i)=    1.6838710439278D-15
 i=  50 p(bin(n,p) >= i)=    1.6838710439278D-15
 i=  0 p(bin(n,p) >= i)=    1.0000000000000
 i=  1 p(bin(n,p) >= i)=   0.99407947077967
 i=  2 p(bin(n,p) >= i)=   0.96291879067264
 i=  3 p(bin(n,p) >= i)=   0.88173701881488
 i=  4 p(bin(n,p) >= i)=   0.74216134088398
 i=  5 p(bin(n,p) >= i)=   0.56401869931429
 i=  6 p(bin(n,p) >= i)=   0.38400087204386
 i=  7 p(bin(n,p) >= i)=   0.23398601598517
 i=  8 p(bin(n,p) >= i)=   0.12796047862038
 i=  9 p(bin(n,p) >= i)=    6.3089590627453D-02
 i=  10 p(bin(n,p) >= i)=    2.8188294163420D-02
 i=  11 p(bin(n,p) >= i)=    1.1472410067489D-02
 i=  12 p(bin(n,p) >= i)=    4.2741824663702D-03
 i=  13 p(bin(n,p) >= i)=    1.4643480080388D-03
 i=  14 p(bin(n,p) >= i)=    4.6327338320812D-04
 i=  15 p(bin(n,p) >= i)=    1.3585423899659D-04
 i=  16 p(bin(n,p) >= i)=    3.7054076181887D-05
 i=  17 p(bin(n,p) >= i)=    9.4290306580382D-06
 i=  18 p(bin(n,p) >= i)=    2.2448082927029D-06
 i=  19 p(bin(n,p) >= i)=    5.0126894672977D-07
 i=  20 p(bin(n,p) >= i)=    1.0522953850318D-07
 i=  21 p(bin(n,p) >= i)=    2.0810612012775D-08
 i=  22 p(bin(n,p) >= i)=    3.8845114633201D-09
 i=  23 p(bin(n,p) >= i)=    6.8555944560020D-10
 i=  24 p(bin(n,p) >= i)=    1.1457945159070D-10
 i=  25 p(bin(n,p) >= i)=    1.8163970146114D-11
 i=  26 p(bin(n,p) >= i)=    2.7374931149797D-12
 i=  27 p(bin(n,p) >= i)=    3.9541664264160D-13
 i=  28 p(bin(n,p) >= i)=    5.7573252869621D-14
 i=  29 p(bin(n,p) >= i)=    1.1215043370835D-14
 i=  30 p(bin(n,p) >= i)=    5.1573463038431D-15
 i=  31 p(bin(n,p) >= i)=    4.4027910551476D-15
 i=  32 p(bin(n,p) >= i)=    4.3131155586982D-15
 i=  33 p(bin(n,p) >= i)=    4.3029385697919D-15
 i=  34 p(bin(n,p) >= i)=    4.3018348453172D-15
 i=  35 p(bin(n,p) >= i)=    4.3017203723454D-15
 i=  36 p(bin(n,p) >= i)=    4.3017090111181D-15
 i=  37 p(bin(n,p) >= i)=    4.3017079314693D-15
 i=  38 p(bin(n,p) >= i)=    4.3017078331798D-15
 i=  39 p(bin(n,p) >= i)=    4.3017078246033D-15
 i=  40 p(bin(n,p) >= i)=    4.3017078238857D-15
 i=  41 p(bin(n,p) >= i)=    4.3017078238281D-15
 i=  42 p(bin(n,p) >= i)=    4.3017078238237D-15
 i=  43 p(bin(n,p) >= i)=    4.3017078238234D-15
 i=  44 p(bin(n,p) >= i)=    4.3017078238233D-15
 i=  45 p(bin(n,p) >= i)=    4.3017078238233D-15
 i=  46 p(bin(n,p) >= i)=    4.3017078238233D-15
 i=  47 p(bin(n,p) >= i)=    4.3017078238233D-15
 i=  48 p(bin(n,p) >= i)=    4.3017078238233D-15
 i=  49 p(bin(n,p) >= i)=    4.3017078238233D-15
 i=  50 p(bin(n,p) >= i)=    4.3017078238233D-15
 i=  51 p(bin(n,p) >= i)=    4.3017078238233D-15
 i=  52 p(bin(n,p) >= i)=    4.3017078238233D-15
 i=  53 p(bin(n,p) >= i)=    4.3017078238233D-15
 i=  54 p(bin(n,p) >= i)=    4.3017078238233D-15
 i=  55 p(bin(n,p) >= i)=    4.3017078238233D-15
 i=  56 p(bin(n,p) >= i)=    4.3017078238233D-15
 i=  57 p(bin(n,p) >= i)=    4.3017078238233D-15
 i=  58 p(bin(n,p) >= i)=    4.3017078238233D-15
 i=  59 p(bin(n,p) >= i)=    4.3017078238233D-15
 i=  60 p(bin(n,p) >= i)=    4.3017078238233D-15
 i=  61 p(bin(n,p) >= i)=    4.3017078238233D-15
 i=  62 p(bin(n,p) >= i)=    4.3017078238233D-15
 i=  63 p(bin(n,p) >= i)=    4.3017078238233D-15
 i=  64 p(bin(n,p) >= i)=    4.3017078238233D-15
 i=  65 p(bin(n,p) >= i)=    4.3017078238233D-15
 i=  66 p(bin(n,p) >= i)=    4.3017078238233D-15
 i=  67 p(bin(n,p) >= i)=    4.3017078238233D-15
 i=  68 p(bin(n,p) >= i)=    4.3017078238233D-15
 i=  69 p(bin(n,p) >= i)=    4.3017078238233D-15
 i=  70 p(bin(n,p) >= i)=    4.3017078238233D-15
 i=  71 p(bin(n,p) >= i)=    4.3017078238233D-15
 i=  72 p(bin(n,p) >= i)=    4.3017078238233D-15
 i=  73 p(bin(n,p) >= i)=    4.3017078238233D-15
 i=  74 p(bin(n,p) >= i)=    4.3017078238233D-15
 i=  75 p(bin(n,p) >= i)=    4.3017078238233D-15
 i=  76 p(bin(n,p) >= i)=    4.3017078238233D-15
 i=  77 p(bin(n,p) >= i)=    4.3017078238233D-15
 i=  78 p(bin(n,p) >= i)=    4.3017078238233D-15
 i=  79 p(bin(n,p) >= i)=    4.3017078238233D-15
 i=  80 p(bin(n,p) >= i)=    4.3017078238233D-15
 i=  81 p(bin(n,p) >= i)=    4.3017078238233D-15
 i=  82 p(bin(n,p) >= i)=    4.3017078238233D-15
 i=  83 p(bin(n,p) >= i)=    4.3017078238233D-15
 i=  84 p(bin(n,p) >= i)=    4.3017078238233D-15
 i=  85 p(bin(n,p) >= i)=    4.3017078238233D-15
 i=  86 p(bin(n,p) >= i)=    4.3017078238233D-15
 i=  87 p(bin(n,p) >= i)=    4.3017078238233D-15
 i=  88 p(bin(n,p) >= i)=    4.3017078238233D-15
 i=  89 p(bin(n,p) >= i)=    4.3017078238233D-15
 i=  90 p(bin(n,p) >= i)=    4.3017078238233D-15
 i=  91 p(bin(n,p) >= i)=    4.3017078238233D-15
 i=  92 p(bin(n,p) >= i)=    4.3017078238233D-15
 i=  93 p(bin(n,p) >= i)=    4.3017078238233D-15
 i=  94 p(bin(n,p) >= i)=    4.3017078238233D-15
 i=  95 p(bin(n,p) >= i)=    4.3017078238233D-15
 i=  96 p(bin(n,p) >= i)=    4.3017078238233D-15
 i=  97 p(bin(n,p) >= i)=    4.3017078238233D-15
 i=  98 p(bin(n,p) >= i)=    4.3017078238233D-15
 i=  99 p(bin(n,p) >= i)=    4.3017078238233D-15
 i=  100 p(bin(n,p) >= i)=    4.3017078238233D-15
 i=  0 p(bin(n,p) >= i)=    1.0000000000000
 i=  1 p(bin(n,p) >= i)=   0.99954444502552
 i=  2 p(bin(n,p) >= i)=   0.99594795838486
 i=  3 p(bin(n,p) >= i)=   0.98184594497806
 i=  4 p(bin(n,p) >= i)=   0.94523019086917
 i=  5 p(bin(n,p) >= i)=   0.87440761384277
 i=  6 p(bin(n,p) >= i)=   0.76556449546537
 i=  7 p(bin(n,p) >= i)=   0.62712368700287
 i=  8 p(bin(n,p) >= i)=   0.47723288686303
 i=  9 p(bin(n,p) >= i)=   0.33621719988937
 i=  10 p(bin(n,p) >= i)=   0.21911645398141
 i=  11 p(bin(n,p) >= i)=   0.13221537412340
 i=  12 p(bin(n,p) >= i)=    7.4004124457745D-02
 i=  13 p(bin(n,p) >= i)=    3.8515687161579D-02
 i=  14 p(bin(n,p) >= i)=    1.8688139198539D-02
 i=  15 p(bin(n,p) >= i)=    8.4762066010335D-03
 i=  16 p(bin(n,p) >= i)=    3.6031440281888D-03
 i=  17 p(bin(n,p) >= i)=    1.4391195303794D-03
 i=  18 p(bin(n,p) >= i)=    5.4135085326966D-04
 i=  19 p(bin(n,p) >= i)=    1.9221858994920D-04
 i=  20 p(bin(n,p) >= i)=    6.4558039372187D-05
 i=  21 p(bin(n,p) >= i)=    2.0548744304849D-05
 i=  22 p(bin(n,p) >= i)=    6.2098762377969D-06
 i=  23 p(bin(n,p) >= i)=    1.7847231740415D-06
 i=  24 p(bin(n,p) >= i)=    4.8856850090487D-07
 i=  25 p(bin(n,p) >= i)=    1.2757805465850D-07
 i=  26 p(bin(n,p) >= i)=    3.1820588917351D-08
 i=  27 p(bin(n,p) >= i)=    7.5904609464132D-09
 i=  28 p(bin(n,p) >= i)=    1.7336658813133D-09
 i=  29 p(bin(n,p) >= i)=    3.7955724784096D-10
 i=  30 p(bin(n,p) >= i)=    7.9736461482296D-11
 i=  31 p(bin(n,p) >= i)=    1.6090294553526D-11
 i=  32 p(bin(n,p) >= i)=    3.1233335493629D-12
 i=  33 p(bin(n,p) >= i)=    5.8539216861377D-13
 i=  34 p(bin(n,p) >= i)=    1.0775726761154D-13
 i=  35 p(bin(n,p) >= i)=    2.1250636934670D-14
 i=  36 p(bin(n,p) >= i)=    6.1607585008097D-15
 i=  37 p(bin(n,p) >= i)=    3.6237175360524D-15
 i=  38 p(bin(n,p) >= i)=    3.2123054877134D-15
 i=  39 p(bin(n,p) >= i)=    3.1479155133889D-15
 i=  40 p(bin(n,p) >= i)=    3.1381831555962D-15
 i=  41 p(bin(n,p) >= i)=    3.1367617191291D-15
 i=  42 p(bin(n,p) >= i)=    3.1365610028116D-15
 i=  43 p(bin(n,p) >= i)=    3.1365335866730D-15
 i=  44 p(bin(n,p) >= i)=    3.1365299625078D-15
 i=  45 p(bin(n,p) >= i)=    3.1365294986493D-15
 i=  46 p(bin(n,p) >= i)=    3.1365294411417D-15
 i=  47 p(bin(n,p) >= i)=    3.1365294342329D-15
 i=  48 p(bin(n,p) >= i)=    3.1365294334283D-15
 i=  49 p(bin(n,p) >= i)=    3.1365294333374D-15
 i=  50 p(bin(n,p) >= i)=    3.1365294333275D-15
 i=  51 p(bin(n,p) >= i)=    3.1365294333264D-15
 i=  52 p(bin(n,p) >= i)=    3.1365294333263D-15
 i=  53 p(bin(n,p) >= i)=    3.1365294333263D-15
 i=  54 p(bin(n,p) >= i)=    3.1365294333263D-15
 i=  55 p(bin(n,p) >= i)=    3.1365294333263D-15
 i=  56 p(bin(n,p) >= i)=    3.1365294333263D-15
 i=  57 p(bin(n,p) >= i)=    3.1365294333263D-15
 i=  58 p(bin(n,p) >= i)=    3.1365294333263D-15
 i=  59 p(bin(n,p) >= i)=    3.1365294333263D-15
 i=  60 p(bin(n,p) >= i)=    3.1365294333263D-15
 i=  61 p(bin(n,p) >= i)=    3.1365294333263D-15
 i=  62 p(bin(n,p) >= i)=    3.1365294333263D-15
 i=  63 p(bin(n,p) >= i)=    3.1365294333263D-15
 i=  64 p(bin(n,p) >= i)=    3.1365294333263D-15
 i=  65 p(bin(n,p) >= i)=    3.1365294333263D-15
 i=  66 p(bin(n,p) >= i)=    3.1365294333263D-15
 i=  67 p(bin(n,p) >= i)=    3.1365294333263D-15
 i=  68 p(bin(n,p) >= i)=    3.1365294333263D-15
 i=  69 p(bin(n,p) >= i)=    3.1365294333263D-15
 i=  70 p(bin(n,p) >= i)=    3.1365294333263D-15
 i=  71 p(bin(n,p) >= i)=    3.1365294333263D-15
 i=  72 p(bin(n,p) >= i)=    3.1365294333263D-15
 i=  73 p(bin(n,p) >= i)=    3.1365294333263D-15
 i=  74 p(bin(n,p) >= i)=    3.1365294333263D-15
 i=  75 p(bin(n,p) >= i)=    3.1365294333263D-15
 i=  76 p(bin(n,p) >= i)=    3.1365294333263D-15
 i=  77 p(bin(n,p) >= i)=    3.1365294333263D-15
 i=  78 p(bin(n,p) >= i)=    3.1365294333263D-15
 i=  79 p(bin(n,p) >= i)=    3.1365294333263D-15
 i=  80 p(bin(n,p) >= i)=    3.1365294333263D-15
 i=  81 p(bin(n,p) >= i)=    3.1365294333263D-15
 i=  82 p(bin(n,p) >= i)=    3.1365294333263D-15
 i=  83 p(bin(n,p) >= i)=    3.1365294333263D-15
 i=  84 p(bin(n,p) >= i)=    3.1365294333263D-15
 i=  85 p(bin(n,p) >= i)=    3.1365294333263D-15
 i=  86 p(bin(n,p) >= i)=    3.1365294333263D-15
 i=  87 p(bin(n,p) >= i)=    3.1365294333263D-15
 i=  88 p(bin(n,p) >= i)=    3.1365294333263D-15
 i=  89 p(bin(n,p) >= i)=    3.1365294333263D-15
 i=  90 p(bin(n,p) >= i)=    3.1365294333263D-15
 i=  91 p(bin(n,p) >= i)=    3.1365294333263D-15
 i=  92 p(bin(n,p) >= i)=    3.1365294333263D-15
 i=  93 p(bin(n,p) >= i)=    3.1365294333263D-15
 i=  94 p(bin(n,p) >= i)=    3.1365294333263D-15
 i=  95 p(bin(n,p) >= i)=    3.1365294333263D-15
 i=  96 p(bin(n,p) >= i)=    3.1365294333263D-15
 i=  97 p(bin(n,p) >= i)=    3.1365294333263D-15
 i=  98 p(bin(n,p) >= i)=    3.1365294333263D-15
 i=  99 p(bin(n,p) >= i)=    3.1365294333263D-15
 i=  100 p(bin(n,p) >= i)=    3.1365294333263D-15
 i=  101 p(bin(n,p) >= i)=    3.1365294333263D-15
 i=  102 p(bin(n,p) >= i)=    3.1365294333263D-15
 i=  103 p(bin(n,p) >= i)=    3.1365294333263D-15
 i=  104 p(bin(n,p) >= i)=    3.1365294333263D-15
 i=  105 p(bin(n,p) >= i)=    3.1365294333263D-15
 i=  106 p(bin(n,p) >= i)=    3.1365294333263D-15
 i=  107 p(bin(n,p) >= i)=    3.1365294333263D-15
 i=  108 p(bin(n,p) >= i)=    3.1365294333263D-15
 i=  109 p(bin(n,p) >= i)=    3.1365294333263D-15
 i=  110 p(bin(n,p) >= i)=    3.1365294333263D-15
 i=  111 p(bin(n,p) >= i)=    3.1365294333263D-15
 i=  112 p(bin(n,p) >= i)=    3.1365294333263D-15
 i=  113 p(bin(n,p) >= i)=    3.1365294333263D-15
 i=  114 p(bin(n,p) >= i)=    3.1365294333263D-15
 i=  115 p(bin(n,p) >= i)=    3.1365294333263D-15
 i=  116 p(bin(n,p) >= i)=    3.1365294333263D-15
 i=  117 p(bin(n,p) >= i)=    3.1365294333263D-15
 i=  118 p(bin(n,p) >= i)=    3.1365294333263D-15
 i=  119 p(bin(n,p) >= i)=    3.1365294333263D-15
 i=  120 p(bin(n,p) >= i)=    3.1365294333263D-15
 i=  121 p(bin(n,p) >= i)=    3.1365294333263D-15
 i=  122 p(bin(n,p) >= i)=    3.1365294333263D-15
 i=  123 p(bin(n,p) >= i)=    3.1365294333263D-15
 i=  124 p(bin(n,p) >= i)=    3.1365294333263D-15
 i=  125 p(bin(n,p) >= i)=    3.1365294333263D-15
 i=  126 p(bin(n,p) >= i)=    3.1365294333263D-15
 i=  127 p(bin(n,p) >= i)=    3.1365294333263D-15
 i=  128 p(bin(n,p) >= i)=    3.1365294333263D-15
 i=  129 p(bin(n,p) >= i)=    3.1365294333263D-15
 i=  130 p(bin(n,p) >= i)=    3.1365294333263D-15
 i=  131 p(bin(n,p) >= i)=    3.1365294333263D-15
 i=  132 p(bin(n,p) >= i)=    3.1365294333263D-15
 i=  133 p(bin(n,p) >= i)=    3.1365294333263D-15
 i=  134 p(bin(n,p) >= i)=    3.1365294333263D-15
 i=  135 p(bin(n,p) >= i)=    3.1365294333263D-15
 i=  136 p(bin(n,p) >= i)=    3.1365294333263D-15
 i=  137 p(bin(n,p) >= i)=    3.1365294333263D-15
 i=  138 p(bin(n,p) >= i)=    3.1365294333263D-15
 i=  139 p(bin(n,p) >= i)=    3.1365294333263D-15
 i=  140 p(bin(n,p) >= i)=    3.1365294333263D-15
 i=  141 p(bin(n,p) >= i)=    3.1365294333263D-15
 i=  142 p(bin(n,p) >= i)=    3.1365294333263D-15
 i=  143 p(bin(n,p) >= i)=    3.1365294333263D-15
 i=  144 p(bin(n,p) >= i)=    3.1365294333263D-15
 i=  145 p(bin(n,p) >= i)=    3.1365294333263D-15
 i=  146 p(bin(n,p) >= i)=    3.1365294333263D-15
 i=  147 p(bin(n,p) >= i)=    3.1365294333263D-15
 i=  148 p(bin(n,p) >= i)=    3.1365294333263D-15
 i=  149 p(bin(n,p) >= i)=    3.1365294333263D-15
 i=  150 p(bin(n,p) >= i)=    3.1365294333263D-15
 i=  0 p(bin(n,p) >= i)=    1.0000000000000
 i=  1 p(bin(n,p) >= i)=   0.99996494733375
 i=  2 p(bin(n,p) >= i)=   0.99959597189955
 i=  3 p(bin(n,p) >= i)=   0.99766370580994
 i=  4 p(bin(n,p) >= i)=   0.99095162360390
 i=  5 p(bin(n,p) >= i)=   0.97355319999088
 i=  6 p(bin(n,p) >= i)=   0.93765750495770
 i=  7 p(bin(n,p) >= i)=   0.87625697397991
 i=  8 p(bin(n,p) >= i)=   0.78669529721530
 i=  9 p(bin(n,p) >= i)=   0.67297553658655
 i=  10 p(bin(n,p) >= i)=   0.54529019131918
 i=  11 p(bin(n,p) >= i)=   0.41693281791883
 i=  12 p(bin(n,p) >= i)=   0.30024429664578
 i=  13 p(bin(n,p) >= i)=   0.20351565401154
 i=  14 p(bin(n,p) >= i)=   0.12989223370694
 i=  15 p(bin(n,p) >= i)=    7.8134415673257D-02
 i=  16 p(bin(n,p) >= i)=    4.4355629167062D-02
 i=  17 p(bin(n,p) >= i)=    2.3799459747173D-02
 i=  18 p(bin(n,p) >= i)=    1.2089443730890D-02
 i=  19 p(bin(n,p) >= i)=    5.8235579677911D-03
 i=  20 p(bin(n,p) >= i)=    2.6645795498298D-03
 i=  21 p(bin(n,p) >= i)=    1.1599082507483D-03
 i=  22 p(bin(n,p) >= i)=    4.8110916845589D-04
 i=  23 p(bin(n,p) >= i)=    1.9042726479479D-04
 i=  24 p(bin(n,p) >= i)=    7.2025940191406D-05
 i=  25 p(bin(n,p) >= i)=    2.6067531299304D-05
 i=  26 p(bin(n,p) >= i)=    9.0387313729679D-06
 i=  27 p(bin(n,p) >= i)=    3.0062617634357D-06
 i=  28 p(bin(n,p) >= i)=    9.6016096020252D-07
 i=  29 p(bin(n,p) >= i)=    2.9479359373761D-07
 i=  30 p(bin(n,p) >= i)=    8.7092709832049D-08
 i=  31 p(bin(n,p) >= i)=    2.4782444660381D-08
 i=  32 p(bin(n,p) >= i)=    6.7981575989483D-09
 i=  33 p(bin(n,p) >= i)=    1.7992357019383D-09
 i=  34 p(bin(n,p) >= i)=    4.5981165297868D-10
 i=  35 p(bin(n,p) >= i)=    1.1355187561605D-10
 i=  36 p(bin(n,p) >= i)=    2.7117104124028D-11
 i=  37 p(bin(n,p) >= i)=    6.2666110009522D-12
 i=  38 p(bin(n,p) >= i)=    1.4024845824822D-12
 i=  39 p(bin(n,p) >= i)=    3.0435077886634D-13
 i=  40 p(bin(n,p) >= i)=    6.4272943258026D-14
 i=  41 p(bin(n,p) >= i)=    1.3414349135738D-14
 i=  42 p(bin(n,p) >= i)=    2.9684247973991D-15
 i=  43 p(bin(n,p) >= i)=    8.8709400818117D-16
 i=  44 p(bin(n,p) >= i)=    4.8458450426877D-16
 i=  45 p(bin(n,p) >= i)=    4.0899360461058D-16
 i=  46 p(bin(n,p) >= i)=    3.9520158081329D-16
 i=  47 p(bin(n,p) >= i)=    3.9275562693620D-16
 i=  48 p(bin(n,p) >= i)=    3.9233381630118D-16
 i=  49 p(bin(n,p) >= i)=    3.9226305201702D-16
 i=  50 p(bin(n,p) >= i)=    3.9225149866450D-16
 i=  51 p(bin(n,p) >= i)=    3.9224966228952D-16
 i=  52 p(bin(n,p) >= i)=    3.9224937802095D-16
 i=  53 p(bin(n,p) >= i)=    3.9224933515049D-16
 i=  54 p(bin(n,p) >= i)=    3.9224932884976D-16
 i=  55 p(bin(n,p) >= i)=    3.9224932794703D-16
 i=  56 p(bin(n,p) >= i)=    3.9224932782090D-16
 i=  57 p(bin(n,p) >= i)=    3.9224932780372D-16
 i=  58 p(bin(n,p) >= i)=    3.9224932780143D-16
 i=  59 p(bin(n,p) >= i)=    3.9224932780113D-16
 i=  60 p(bin(n,p) >= i)=    3.9224932780110D-16
 i=  61 p(bin(n,p) >= i)=    3.9224932780109D-16
 i=  62 p(bin(n,p) >= i)=    3.9224932780109D-16
 i=  63 p(bin(n,p) >= i)=    3.9224932780109D-16
 i=  64 p(bin(n,p) >= i)=    3.9224932780109D-16
 i=  65 p(bin(n,p) >= i)=    3.9224932780109D-16
 i=  66 p(bin(n,p) >= i)=    3.9224932780109D-16
 i=  67 p(bin(n,p) >= i)=    3.9224932780109D-16
 i=  68 p(bin(n,p) >= i)=    3.9224932780109D-16
 i=  69 p(bin(n,p) >= i)=    3.9224932780109D-16
 i=  70 p(bin(n,p) >= i)=    3.9224932780109D-16
 i=  71 p(bin(n,p) >= i)=    3.9224932780109D-16
 i=  72 p(bin(n,p) >= i)=    3.9224932780109D-16
 i=  73 p(bin(n,p) >= i)=    3.9224932780109D-16
 i=  74 p(bin(n,p) >= i)=    3.9224932780109D-16
 i=  75 p(bin(n,p) >= i)=    3.9224932780109D-16
 i=  76 p(bin(n,p) >= i)=    3.9224932780109D-16
 i=  77 p(bin(n,p) >= i)=    3.9224932780109D-16
 i=  78 p(bin(n,p) >= i)=    3.9224932780109D-16
 i=  79 p(bin(n,p) >= i)=    3.9224932780109D-16
 i=  80 p(bin(n,p) >= i)=    3.9224932780109D-16
 i=  81 p(bin(n,p) >= i)=    3.9224932780109D-16
 i=  82 p(bin(n,p) >= i)=    3.9224932780109D-16
 i=  83 p(bin(n,p) >= i)=    3.9224932780109D-16
 i=  84 p(bin(n,p) >= i)=    3.9224932780109D-16
 i=  85 p(bin(n,p) >= i)=    3.9224932780109D-16
 i=  86 p(bin(n,p) >= i)=    3.9224932780109D-16
 i=  87 p(bin(n,p) >= i)=    3.9224932780109D-16
 i=  88 p(bin(n,p) >= i)=    3.9224932780109D-16
 i=  89 p(bin(n,p) >= i)=    3.9224932780109D-16
 i=  90 p(bin(n,p) >= i)=    3.9224932780109D-16
 i=  91 p(bin(n,p) >= i)=    3.9224932780109D-16
 i=  92 p(bin(n,p) >= i)=    3.9224932780109D-16
 i=  93 p(bin(n,p) >= i)=    3.9224932780109D-16
 i=  94 p(bin(n,p) >= i)=    3.9224932780109D-16
 i=  95 p(bin(n,p) >= i)=    3.9224932780109D-16
 i=  96 p(bin(n,p) >= i)=    3.9224932780109D-16
 i=  97 p(bin(n,p) >= i)=    3.9224932780109D-16
 i=  98 p(bin(n,p) >= i)=    3.9224932780109D-16
 i=  99 p(bin(n,p) >= i)=    3.9224932780109D-16
 i=  100 p(bin(n,p) >= i)=    3.9224932780109D-16
 i=  101 p(bin(n,p) >= i)=    3.9224932780109D-16
 i=  102 p(bin(n,p) >= i)=    3.9224932780109D-16
 i=  103 p(bin(n,p) >= i)=    3.9224932780109D-16
 i=  104 p(bin(n,p) >= i)=    3.9224932780109D-16
 i=  105 p(bin(n,p) >= i)=    3.9224932780109D-16
 i=  106 p(bin(n,p) >= i)=    3.9224932780109D-16
 i=  107 p(bin(n,p) >= i)=    3.9224932780109D-16
 i=  108 p(bin(n,p) >= i)=    3.9224932780109D-16
 i=  109 p(bin(n,p) >= i)=    3.9224932780109D-16
 i=  110 p(bin(n,p) >= i)=    3.9224932780109D-16
 i=  111 p(bin(n,p) >= i)=    3.9224932780109D-16
 i=  112 p(bin(n,p) >= i)=    3.9224932780109D-16
 i=  113 p(bin(n,p) >= i)=    3.9224932780109D-16
 i=  114 p(bin(n,p) >= i)=    3.9224932780109D-16
 i=  115 p(bin(n,p) >= i)=    3.9224932780109D-16
 i=  116 p(bin(n,p) >= i)=    3.9224932780109D-16
 i=  117 p(bin(n,p) >= i)=    3.9224932780109D-16
 i=  118 p(bin(n,p) >= i)=    3.9224932780109D-16
 i=  119 p(bin(n,p) >= i)=    3.9224932780109D-16
 i=  120 p(bin(n,p) >= i)=    3.9224932780109D-16
 i=  121 p(bin(n,p) >= i)=    3.9224932780109D-16
 i=  122 p(bin(n,p) >= i)=    3.9224932780109D-16
 i=  123 p(bin(n,p) >= i)=    3.9224932780109D-16
 i=  124 p(bin(n,p) >= i)=    3.9224932780109D-16
 i=  125 p(bin(n,p) >= i)=    3.9224932780109D-16
 i=  126 p(bin(n,p) >= i)=    3.9224932780109D-16
 i=  127 p(bin(n,p) >= i)=    3.9224932780109D-16
 i=  128 p(bin(n,p) >= i)=    3.9224932780109D-16
 i=  129 p(bin(n,p) >= i)=    3.9224932780109D-16
 i=  130 p(bin(n,p) >= i)=    3.9224932780109D-16
 i=  131 p(bin(n,p) >= i)=    3.9224932780109D-16
 i=  132 p(bin(n,p) >= i)=    3.9224932780109D-16
 i=  133 p(bin(n,p) >= i)=    3.9224932780109D-16
 i=  134 p(bin(n,p) >= i)=    3.9224932780109D-16
 i=  135 p(bin(n,p) >= i)=    3.9224932780109D-16
 i=  136 p(bin(n,p) >= i)=    3.9224932780109D-16
 i=  137 p(bin(n,p) >= i)=    3.9224932780109D-16
 i=  138 p(bin(n,p) >= i)=    3.9224932780109D-16
 i=  139 p(bin(n,p) >= i)=    3.9224932780109D-16
 i=  140 p(bin(n,p) >= i)=    3.9224932780109D-16
 i=  141 p(bin(n,p) >= i)=    3.9224932780109D-16
 i=  142 p(bin(n,p) >= i)=    3.9224932780109D-16
 i=  143 p(bin(n,p) >= i)=    3.9224932780109D-16
 i=  144 p(bin(n,p) >= i)=    3.9224932780109D-16
 i=  145 p(bin(n,p) >= i)=    3.9224932780109D-16
 i=  146 p(bin(n,p) >= i)=    3.9224932780109D-16
 i=  147 p(bin(n,p) >= i)=    3.9224932780109D-16
 i=  148 p(bin(n,p) >= i)=    3.9224932780109D-16
 i=  149 p(bin(n,p) >= i)=    3.9224932780109D-16
 i=  150 p(bin(n,p) >= i)=    3.9224932780109D-16
 i=  151 p(bin(n,p) >= i)=    3.9224932780109D-16
 i=  152 p(bin(n,p) >= i)=    3.9224932780109D-16
 i=  153 p(bin(n,p) >= i)=    3.9224932780109D-16
 i=  154 p(bin(n,p) >= i)=    3.9224932780109D-16
 i=  155 p(bin(n,p) >= i)=    3.9224932780109D-16
 i=  156 p(bin(n,p) >= i)=    3.9224932780109D-16
 i=  157 p(bin(n,p) >= i)=    3.9224932780109D-16
 i=  158 p(bin(n,p) >= i)=    3.9224932780109D-16
 i=  159 p(bin(n,p) >= i)=    3.9224932780109D-16
 i=  160 p(bin(n,p) >= i)=    3.9224932780109D-16
 i=  161 p(bin(n,p) >= i)=    3.9224932780109D-16
 i=  162 p(bin(n,p) >= i)=    3.9224932780109D-16
 i=  163 p(bin(n,p) >= i)=    3.9224932780109D-16
 i=  164 p(bin(n,p) >= i)=    3.9224932780109D-16
 i=  165 p(bin(n,p) >= i)=    3.9224932780109D-16
 i=  166 p(bin(n,p) >= i)=    3.9224932780109D-16
 i=  167 p(bin(n,p) >= i)=    3.9224932780109D-16
 i=  168 p(bin(n,p) >= i)=    3.9224932780109D-16
 i=  169 p(bin(n,p) >= i)=    3.9224932780109D-16
 i=  170 p(bin(n,p) >= i)=    3.9224932780109D-16
 i=  171 p(bin(n,p) >= i)=    3.9224932780109D-16
 i=  172 p(bin(n,p) >= i)=    3.9224932780109D-16
 i=  173 p(bin(n,p) >= i)=    3.9224932780109D-16
 i=  174 p(bin(n,p) >= i)=    3.9224932780109D-16
 i=  175 p(bin(n,p) >= i)=    3.9224932780109D-16
 i=  176 p(bin(n,p) >= i)=    3.9224932780109D-16
 i=  177 p(bin(n,p) >= i)=    3.9224932780109D-16
 i=  178 p(bin(n,p) >= i)=    3.9224932780109D-16
 i=  179 p(bin(n,p) >= i)=    3.9224932780109D-16
 i=  180 p(bin(n,p) >= i)=    3.9224932780109D-16
 i=  181 p(bin(n,p) >= i)=    3.9224932780109D-16
 i=  182 p(bin(n,p) >= i)=    3.9224932780109D-16
 i=  183 p(bin(n,p) >= i)=    3.9224932780109D-16
 i=  184 p(bin(n,p) >= i)=    3.9224932780109D-16
 i=  185 p(bin(n,p) >= i)=    3.9224932780109D-16
 i=  186 p(bin(n,p) >= i)=    3.9224932780109D-16
 i=  187 p(bin(n,p) >= i)=    3.9224932780109D-16
 i=  188 p(bin(n,p) >= i)=    3.9224932780109D-16
 i=  189 p(bin(n,p) >= i)=    3.9224932780109D-16
 i=  190 p(bin(n,p) >= i)=    3.9224932780109D-16
 i=  191 p(bin(n,p) >= i)=    3.9224932780109D-16
 i=  192 p(bin(n,p) >= i)=    3.9224932780109D-16
 i=  193 p(bin(n,p) >= i)=    3.9224932780109D-16
 i=  194 p(bin(n,p) >= i)=    3.9224932780109D-16
 i=  195 p(bin(n,p) >= i)=    3.9224932780109D-16
 i=  196 p(bin(n,p) >= i)=    3.9224932780109D-16
 i=  197 p(bin(n,p) >= i)=    3.9224932780109D-16
 i=  198 p(bin(n,p) >= i)=    3.9224932780109D-16
 i=  199 p(bin(n,p) >= i)=    3.9224932780109D-16
 i=  200 p(bin(n,p) >= i)=    3.9224932780109D-16

 p = 0.0500      p(exit upper boundary) =  0.03441
                 p(exit lower boundary) =  0.96559
                         E(sample size) = 196.9123

 p = 0.1000      p(exit upper boundary) =  0.77327
                 p(exit lower boundary) =  0.22673
                         E(sample size) = 132.0861
